This is pdfTeX, Version 3.141592653-2.6-1.40.26 (TeX Live 2024) (preloaded format=bpepFormatDS 2025.3.29)  29 MAR 2025 17:13
entering extended mode
 %&-line parsing enabled.
**test.tex
(./test.tex
LaTeX2e <2023-11-01> patch level 1
L3 programming layer <2024-02-20>
Package: vmargin 2004/07/15 V2.5 set document margins (VK)

==============================================================================
JOB NAME         : "test"
CUSTOMISED FORMAT: "bpepFormatDS"
PRELOADED FILES:
extarticle.cls    1996/10/08 v1.0 Non Standard LaTeX document class
  size11.clo    2023/05/17 v1.4n Standard LaTeX file (size option)
 exscale.sty    2018/09/24 v2.1i Standard LaTeX package exscale
/Users/mmb/bpep/fichiers_utiles/raccourcis_communs.sty    
 lmodern.sty    2015/05/01 v1.6.1 Latin Modern Fonts
 fontenc.sty    2021/04/29 v2.0v Standard LaTeX package
   t1lmr.fd    2015/05/01 v1.6.1 Font defs for Latin Modern
inputenc.sty    2021/02/14 v1.3d Input encoding file
   babel.sty    2024/02/07 v24.2 The Babel package
 english.ldf    2017/06/06 v3.3r English support from the babel system
  french.ldf    2024-02-29 v3.5s French support from the babel system
babel-french.tex
babel-english.tex
scalefnt.sty    
  keyval.sty    2022/05/29 v1.15 key=value parser (DPC)
  esdiff.sty    
  esvect.sty    
graphicx.sty    2021/09/16 v1.2d Enhanced LaTeX Graphics (DPC,SPQR)
graphics.sty    2022/03/10 v1.4e Standard LaTeX Graphics (DPC,SPQR)
    trig.sty    2021/08/11 v1.11 sin cos tan (DPC)
graphics.cfg    2016/06/04 v1.11 sample graphics configuration
  pdftex.def    2022/09/22 v1.2b Graphics/color driver for pdftex
microtype.sty    2023/03/13 v3.1a Micro-typographical refinements (RS)
etoolbox.sty    2020/10/05 v2.5k e-TeX tools for LaTeX (JAW)
microtype-pdftex.def    2023/03/13 v3.1a Definitions specific to pdftex (RS)
microtype.cfg    2023/03/13 v3.1a microtype main configuration file (RS)
  twoopt.sty    2016/05/16 v1.6 Definitions with two optional arguments (HO)
mathtools.sty    2024/03/11 v1.30 mathematical typesetting tools
    calc.sty    2023/07/08 v4.3 Infix arithmetic (KKT,FJ)
 mhsetup.sty    2021/03/18 v1.4 programming setup (MH)
 amsmath.sty    2023/05/13 v2.17o AMS math features
 amstext.sty    2021/08/26 v2.01 AMS text
  amsgen.sty    1999/11/30 v2.0 generic functions
  amsbsy.sty    1999/11/29 v1.2d Bold Symbols
  amsopn.sty    2022/04/08 v2.04 operator names
      fp.sty    1995/04/02
defpattern.sty    1994/10/12
fp-basic.sty    1996/05/13
fp-addons.sty    1995/03/15
 fp-snap.sty    1995/04/05
  fp-exp.sty    1995/04/03
fp-trigo.sty    1995/04/14
  fp-pas.sty    1994/08/29
fp-random.sty    1995/02/23
  fp-eqn.sty    1995/04/03
  fp-upn.sty    1996/10/21
 fp-eval.sty    1995/04/03
 wrapfig.sty    2003/01/31  v 3.6
fancyhdr.sty    2022/11/09 v4.1 Extensive control of page headers and footers
 vmargin.sty    2004/07/15 V2.5 set document margins (VK)
amsfonts.sty    2013/01/14 v3.01 Basic AMSFonts support
standalone.sty    2022/10/10 v1.3b Package to include TeX sub-files with preamb
les
shellesc.sty    2023/07/08 v1.0d unified shell escape interface for LaTeX
ifluatex.sty    2019/10/25 v1.5 ifluatex legacy package. Use iftex instead.
   iftex.sty    2022/02/03 v1.0f TeX engine tests
 xkeyval.sty    2022/06/16 v2.9 package option processing (HA)
 xkeyval.tex    2014/12/03 v2.7a key=value parser (HA)
currfile.sty    2022/10/10 v0.8 Provides the file path elements of the current 
input file
kvoptions.sty    2022-06-15 v3.15 Key value format for package options (HO)
 ltxcmds.sty    2023-12-04 v1.26 LaTeX kernel commands for general use (HO)
kvsetkeys.sty    2022-10-05 v1.19 Key value parser (HO)
filehook.sty    2022/10/25 v0.8b Hooks for input files
filehook-2020.sty    2022/10/25 v0.8b Hooks for input files
gincltex.sty    2011/09/04 v0.3 Include external LaTeX files like graphics
svn-prov.sty    2010/04/24 v3.1862 Package Date/Version from SVN Keywords
adjustbox.sty    2022/10/17 v1.3a Adjusting TeX boxes (trim, clip, ...)
 adjcalc.sty    2012/05/16 v1.1 Provides advanced setlength with multiple back-
ends (calc, etex, pgfmath)
trimclip.sty    2020/08/19 v1.2 Trim and clip general TeX material
collectbox.sty    2022/10/17 v0.4c Collect macro arguments as boxes
tc-pdftex.def    2019/01/04 v2.2 Clipping driver for pdftex
ifoddpage.sty    2022/10/18 v1.2 Conditionals for odd/even page detection
varwidth.sty    2009/03/30 ver 0.92;  Variable-width minipages
filemod-expmin.sty    2011/09/19 v1.2 Get and compare file modification times (
expandable; minimal)
   float.sty    2001/11/08 v1.3d Float enhancements (AL)
subfigure.sty    2002/03/15 v2.1.5 subfigure package
subfigure.cfg
tcolorbox.sty    2024/01/10 version 6.2.0 text color boxes
     pgf.sty    2023-01-15 v3.1.10 (3.1.10)
  pgfrcs.sty    2023-01-15 v3.1.10 (3.1.10)
pgfrcs.code.tex
 pgfcore.sty    2023-01-15 v3.1.10 (3.1.10)
  pgfsys.sty    2023-01-15 v3.1.10 (3.1.10)
pgfsys.code.tex
pgfsyssoftpath.code.tex    2023-01-15 v3.1.10 (3.1.10)
pgfsysprotocol.code.tex    2023-01-15 v3.1.10 (3.1.10)
  xcolor.sty    2023/11/15 v3.01 LaTeX color extensions (UK)
   color.cfg    2016/01/02 v1.6 sample color configuration
mathcolor.ltx
pgfcore.code.tex
pgfcomp-version-0-65.sty    2023-01-15 v3.1.10 (3.1.10)
pgfcomp-version-1-18.sty    2023-01-15 v3.1.10 (3.1.10)
verbatim.sty    2023-11-06 v1.5v LaTeX2e package for verbatim enhancements
 environ.sty    2014/05/04 v0.3 A new way to define environments
trimspaces.sty    2009/09/17 v1.1 Trim spaces around a token list
atveryend-ltx.sty    2020/08/19 v1.0a Emulation of the original atveryend packa
ge
with kernel methods
   tasks.sty    2022/01/08 v1.4a lists with columns filled horizontally
   expl3.sty    2024-02-20 L3 programming layer (loader) 
l3backend-pdftex.def    2024-02-20 L3 backend support: PDF output (pdfTeX)
  xparse.sty    2024-02-18 L3 Experimental document command parser
xtemplate.sty    2023-10-10 L3 Experimental prototype document functions
xtemplate-2023-10-10.sty
   tasks.cfg
placeins.sty    2005/04/18  v 2.2
enumitem.sty    2019/06/20 v3.9 Customized lists
 caption.sty    2023/08/05 v3.6o Customizing captions (AR)
caption3.sty    2023/07/31 v2.4d caption3 kernel (AR)
  import.sty    2020/04/01  v 6.2
textcomp.sty    2020/02/02 v2.0n Standard LaTeX package
  cancel.sty    2013/04/12 v2.2 Cancel math terms
stackrel.sty    2016/05/16 v1.3 Adding subscript option to stackrel (HO)
etexcmds.sty    2019/12/15 v1.7 Avoid name clashes with e-TeX commands (HO)
infwarerr.sty    2019/12/03 v1.5 Providing info/warning/error messages (HO)
pdftexcmds.sty    2020-06-27 v0.33 Utility functions of pdfTeX for LuaTeX (HO)
 siunitx.sty    2021-04-17 v2.8e A comprehensive (SI) units package
   array.sty    2023/10/16 v2.5g Tabular extension package (FMi)
l3keys2e.sty    2024-02-18 LaTeX2e option processing using LaTeX3 keys
translator.sty    2021-05-31 v1.12d Easy translation of strings in LaTeX
 eurosym.sty    1998/08/06 v1.1 European currency symbol ``Euro''
 xstring.sty    2023/08/22 v1.86 String manipulations (CT)
  ifthen.sty    2022/04/13 v1.1d Standard LaTeX ifthen package (DPC)
  mhchem.sty    2024/01/29 v4.10 for typesetting chemical formulae
chemgreek.sty    2020/01/16 v1.1a interface for upright Greek letters for use i
n chemistry (CN)
 chemfig.sty    2023/12/28 v1.66 Draw molecule with an easy syntax (CT)
    tikz.sty    2023-01-15 v3.1.10 (3.1.10)
  pgffor.sty    2023-01-15 v3.1.10 (3.1.10)
 pgfkeys.sty    
pgfkeys.code.tex
 pgfmath.sty    
pgfmath.code.tex
pgffor.code.tex
tikz.code.tex
circuitikz.sty    2024/02/09{} The CircuiTikz circuit drawing package version 1
.6.7
pgfplots.sty    2021/05/15 v1.18.1 Data Visualization (1.18.1)
listings.sty    2024/02/21 1.10 (Carsten Heinz)
lstpatch.sty    2024/02/21 1.10 (Carsten Heinz)
 lstmisc.sty    2024/02/21 1.10 (Carsten Heinz)
listings.cfg    2024/02/21 1.10 listings configuration
lstlang1.sty    2024/02/21 1.10 listings language file
  ot1lmr.fd    2015/05/01 v1.6.1 Font defs for Latin Modern
  omllmm.fd    2015/05/01 v1.6.1 Font defs for Latin Modern
 omslmsy.fd    2015/05/01 v1.6.1 Font defs for Latin Modern
 omxlmex.fd    2015/05/01 v1.6.1 Font defs for Latin Modern
 uesvect.fd    
    umsa.fd    2013/01/14 v3.01 AMS symbols A
    umsb.fd    2013/01/14 v3.01 AMS symbols B
  t1lmtt.fd    2015/05/01 v1.6.1 Font defs for Latin Modern
  t1lmss.fd    2015/05/01 v1.6.1 Font defs for Latin Modern

==============================================================================
(mylatexformat)Info: start reading document "test"
(mylatexformat)      on input line 13. (\endofdump)
==============================================================================

LaTeX Warning: Unused global option(s):
    [onside].

(./test.aux)
\openout1 = `test.aux'.

LaTeX Font Info:    Checking defaults for OML/cmm/m/it on input line 94.
LaTeX Font Info:    ... okay on input line 94.
LaTeX Font Info:    Checking defaults for OMS/cmsy/m/n on input line 94.
LaTeX Font Info:    ... okay on input line 94.
LaTeX Font Info:    Checking defaults for OT1/cmr/m/n on input line 94.
LaTeX Font Info:    ... okay on input line 94.
LaTeX Font Info:    Checking defaults for T1/cmr/m/n on input line 94.
LaTeX Font Info:    ... okay on input line 94.
LaTeX Font Info:    Checking defaults for TS1/cmr/m/n on input line 94.
LaTeX Font Info:    ... okay on input line 94.
LaTeX Font Info:    Checking defaults for OMX/cmex/m/n on input line 94.
LaTeX Font Info:    ... okay on input line 94.
LaTeX Font Info:    Checking defaults for U/cmr/m/n on input line 94.
LaTeX Font Info:    ... okay on input line 94.
LaTeX Info: Redefining \degres on input line 94.
Package french.ldf Info: Setting StandardItemizeEnv=true for
(french.ldf)             compatibility with enumitem package,
(french.ldf)             reported on input line 94.
Package french.ldf Info: Setting StandardEnumerateEnv=true for
(french.ldf)             compatibility with enumitem package,
(french.ldf)             reported on input line 94.
LaTeX Info: Redefining \up on input line 94.

(/usr/local/texlive/2024/texmf-dist/tex/context/base/mkii/supp-pdf.mkii
[Loading MPS to PDF converter (version 2006.09.02).]
\scratchcounter=\count404
\scratchdimen=\dimen385
\scratchbox=\box126
\nofMPsegments=\count405
\nofMParguments=\count406
\everyMPshowfont=\toks59
\MPscratchCnt=\count407
\MPscratchDim=\dimen386
\MPnumerator=\count408
\makeMPintoPDFobject=\count409
\everyMPtoPDFconversion=\toks60
)
LaTeX Info: Redefining \microtypecontext on input line 94.
Package microtype Info: Applying patch `item' on input line 94.
Package microtype Info: Applying patch `toc' on input line 94.
Package microtype Info: Applying patch `eqnum' on input line 94.
Package microtype Info: Applying patch `footnote' on input line 94.
Package microtype Info: Applying patch `verbatim' on input line 94.
Package microtype Info: Generating PDF output.
Package microtype Info: Character protrusion enabled (level 2).
Package microtype Info: Using default protrusion set `alltext'.
Package microtype Info: Automatic font expansion enabled (level 2),
(microtype)             stretch: 20, shrink: 20, step: 1, non-selected.
Package microtype Info: Using default expansion set `alltext-nott'.
LaTeX Info: Redefining \showhyphens on input line 94.
Package microtype Info: No adjustment of tracking.
Package microtype Info: No adjustment of interword spacing.
Package microtype Info: No adjustment of character kerning.
 (/usr/local/texlive/2024/texmf-dist/tex/latex/microtype/mt-cmr.cfg
File: mt-cmr.cfg 2013/05/19 v2.2 microtype config. file: Computer Modern Roman 
(RS)
)
Package caption Info: Begin \AtBeginDocument code.
Package caption Info: listings package is loaded.
Package caption Info: End \AtBeginDocument code.

(/usr/local/texlive/2024/texmf-dist/tex/latex/siunitx/siunitx-abbreviations.cfg
File: siunitx-abbreviations.cfg 2021-04-17 v2.8e siunitx: Abbreviated units
)
(/usr/local/texlive/2024/texmf-dist/tex/latex/translator/translator-basic-dicti
onary-English.dict
Dictionary: translator-basic-dictionary, Language: English 
)

Package chemgreek Info: Activating mapping `default' on line 94.



Package pgfplots Warning: running in backwards compatibility mode (unsuitable t
ick labels; missing features). Consider writing \pgfplotsset{compat=1.18} into 
your preamble.
 on input line 94.

\c@lstlisting=\count410
(/usr/local/texlive/2024/texmf-dist/tex/latex/microtype/mt-msa.cfg
File: mt-msa.cfg 2006/02/04 v1.1 microtype config. file: AMS symbols (a) (RS)
)
(/usr/local/texlive/2024/texmf-dist/tex/latex/microtype/mt-msb.cfg
File: mt-msb.cfg 2005/06/01 v1.0 microtype config. file: AMS symbols (b) (RS)
)
LaTeX Font Info:    Trying to load font information for OT1+lmss on input line 
94.

(/usr/local/texlive/2024/texmf-dist/tex/latex/lm/ot1lmss.fd
File: ot1lmss.fd 2015/05/01 v1.6.1 Font defs for Latin Modern
)
Package microtype Info: Loading generic protrusion settings for font family
(microtype)             `lmss' (encoding: OT1).
(microtype)             For optimal results, create family-specific settings.
(microtype)             See the microtype manual for details.
LaTeX Font Info:    Trying to load font information for OT1+lmtt on input line 
94.

(/usr/local/texlive/2024/texmf-dist/tex/latex/lm/ot1lmtt.fd
File: ot1lmtt.fd 2015/05/01 v1.6.1 Font defs for Latin Modern
)
Package microtype Info: Loading generic protrusion settings for font family
(microtype)             `lmtt' (encoding: OT1).
(microtype)             For optimal results, create family-specific settings.
(microtype)             See the microtype manual for details.

(/Users/mmb/bpep/exercices/TD/zone_vision/sujet.tex
</Users/mmb/bpep/exercices/TD/zone_vision/images/zone_vision.png, id=4, 1010.77
625pt x 133.49875pt>
File: /Users/mmb/bpep/exercices/TD/zone_vision/images/zone_vision.png Graphic f
ile (type png)
<use /Users/mmb/bpep/exercices/TD/zone_vision/images/zone_vision.png>
Package pdftex.def Info: /Users/mmb/bpep/exercices/TD/zone_vision/images/zone_v
ision.png  used on input line 52.
(pdftex.def)             Requested size: 415.6483pt x 54.89778pt.
)
Package microtype Info: Character `029' is missing
(microtype)             in font `T1/lmr/m/sc/10.95'.
(microtype)             Ignoring protrusion settings for this character.
 [1{/usr/local/texlive/2024/texmf-var/fonts/map/pdftex/updmap/pdftex.map}{/usr/
local/texlive/2024/texmf-dist/fonts/enc/dvips/lm/lm-mathsy.enc}{/usr/local/texl
ive/2024/texmf-dist/fonts/enc/dvips/lm/lm-rm.enc}{/usr/local/texlive/2024/texmf
-dist/fonts/enc/dvips/lm/lm-ec.enc} </Users/mmb/bpep/exercices/TD/zone_vision/i
mages/zone_vision.png>]
(./test.aux)
 ***********
LaTeX2e <2023-11-01> patch level 1
L3 programming layer <2024-02-20>
 ***********
 ) 
Here is how much of TeX's memory you used:
 1442 strings out of 414848
 26072 string characters out of 4211899
 2516432 words of memory out of 5000000
 82125 multiletter control sequences out of 15000+600000
 641836 words of font info for 106 fonts, out of 8000000 for 9000
 1141 hyphenation exceptions out of 8191
 45i,13n,76p,1001b,512s stack positions out of 10000i,1000n,20000p,200000b,200000s
</usr/local/texlive/2024/texmf-dist/fonts/type1/public/lm/lmbx10.pfb></usr/lo
cal/texlive/2024/texmf-dist/fonts/type1/public/lm/lmbx12.pfb></usr/local/texliv
e/2024/texmf-dist/fonts/type1/public/lm/lmcsc10.pfb></usr/local/texlive/2024/te
xmf-dist/fonts/type1/public/lm/lmr10.pfb></usr/local/texlive/2024/texmf-dist/fo
nts/type1/public/lm/lmr17.pfb></usr/local/texlive/2024/texmf-dist/fonts/type1/p
ublic/lm/lmri10.pfb></usr/local/texlive/2024/texmf-dist/fonts/type1/public/lm/l
msy10.pfb>
Output written on test.pdf (1 page, 160834 bytes).
PDF statistics:
 55 PDF objects out of 1000 (max. 8388607)
 34 compressed objects within 1 object stream
 0 named destinations out of 1000 (max. 500000)
 28178 words of extra memory for PDF output out of 29859 (max. 10000000)

